Microchip MPLAB XC8 Compiler V2.36

Linker command line:

-W-3 --edf=C:\Program Files\Microchip\xc8\v2.36\pic\dat\en_msgs.txt -cn \
  -h+dist/default/production\XC8-18F25K22_LCD_BIGDigits.X.production.sym \
  --cmf=dist/default/production\XC8-18F25K22_LCD_BIGDigits.X.production.cmf \
  -z -Q18F25K22 -oC:\Users\mrchu\AppData\Local\Temp\xcAsldo.4 \
  --defsym=__MPLAB_BUILD=1 \
  -Mdist/default/production/XC8-18F25K22_LCD_BIGDigits.X.production.map \
  --md=C:\Users\mrchu\AppData\Local\Temp\xcAsldo.dat -E1 -ver=XC8 Compiler \
  --acfsm=1493 -ACODE=00h-07FFFh -ACONST=00h-07FFFh \
  -ASMALLCONST=0600h-06FFhx122 -AMEDIUMCONST=0600h-07FFFh -ACOMRAM=01h-05Fh \
  -AABS1=00h-05FFh -ABIGRAM=01h-05FFh -ARAM=060h-0FFh,0100h-01FFhx5 \
  -ABANK0=060h-0FFh -ABANK1=0100h-01FFh -ABANK2=0200h-02FFh \
  -ABANK3=0300h-03FFh -ABANK4=0400h-04FFh -ABANK5=0500h-05FFh \
  -ASFR=0F38h-0F5Fh,0F60h-0FFFh -ABIGSFR=0F38h-0FFFh \
  -ACONFIG=0300000h-030000Dh -AIDLOC=0200000h-0200007h \
  -AEEDATA=0F00000h-0F000FFh -peeprom_data=EEDATA \
  -preset_vec=00h,intcode=08h,intcodelo,powerup,init -pramtop=0600h \
  -psmallconst=SMALLCONST -pmediumconst=MEDIUMCONST -pconst=CONST \
  -AFARRAM=00h-00h \
  -prdata=COMRAM,nvrram=COMRAM,nvbit=COMRAM,rbss=COMRAM,rbit=COMRAM \
  -pfarbss=FARRAM,fardata=FARRAM,nvFARRAM=FARRAM \
  -pintsave_regs=BIGRAM,bigbss=BIGRAM,bigdata=BIGRAM -pbss=RAM \
  -pidata=CODE,irdata=CODE,ibigdata=CODE,ifardata=CODE -prparam=COMRAM \
  C:\Users\mrchu\AppData\Local\Temp\xcAsldo.o \
  dist/default/production\XC8-18F25K22_LCD_BIGDigits.X.production.o 

Object code version is 3.11

Machine type is 18F25K22



                Name                               Link     Load   Length Selector   Space Scale
C:\Users\mrchu\AppData\Local\Temp\xcAsldo.o
                idloc                            200000   200000        8        0       5
                config                           300000   300000        E        0       4
                init                                 5A       5A        4        4       0
                reset_vec                             0        0        4        0       0
dist/default/production\XC8-18F25K22_LCD_BIGDigits.X.production.o
                intcode                               8        8       52        4       0
                idloc                            200000   200000        8        0       5
                config                           300000   300000        E        0       4
                temp                                 47       47        1        1       1
                smallconst                          600      600       FC      300       0
                text12                              C44      C44      144      37E       0
                text11                              EC6      EC6       68      37E       0
                text10                             1076     1076       40      37E       0
                text9                              10B6     10B6       3A      37E       0
                text8                               6FC      6FC      1E2      37E       0
                text7                               8DE      8DE      1CE      37E       0
                text6                              1030     1030       46      37E       0
                text5                               FDE      FDE       52      37E       0
                text4                               D88      D88       C6      37E       0
                text3                               F88      F88       56      37E       0
                text2                              10F0     10F0       22      37E       0
                text1                              1112     1112       18      37E       0
                text0                               AAC      AAC      198      37E       0
                cstackCOMRAM                          1        1       2C        1       1
                dataBANK0                            60       60       78       60       1
                dataCOMRAM                           3D       3D        A        1       1
                bssCOMRAM                            2D       2D       10        1       1
                cinit                               F2E      F2E       5A      37E       0
                idataBANK0                          E4E      E4E       78      37E       0
                idataCOMRAM                        112A     112A        A      37E       0

TOTAL           Name                               Link     Load   Length     Space
        CLASS   CODE           
                intcode                               8        8       52         0
                init                                 5A       5A        4         0
                reset_vec                             0        0        4         0
                text12                              C44      C44      144         0
                text11                              EC6      EC6       68         0
                text10                             1076     1076       40         0
                text9                              10B6     10B6       3A         0
                text8                               6FC      6FC      1E2         0
                text7                               8DE      8DE      1CE         0
                text6                              1030     1030       46         0
                text5                               FDE      FDE       52         0
                text4                               D88      D88       C6         0
                text3                               F88      F88       56         0
                text2                              10F0     10F0       22         0
                text1                              1112     1112       18         0
                text0                               AAC      AAC      198         0
                cinit                               F2E      F2E       5A         0
                idataBANK0                          E4E      E4E       78         0
                idataCOMRAM                        112A     112A        A         0

        CLASS   CONST          

        CLASS   SMALLCONST     
                smallconst                          600      600       FC         0

        CLASS   MEDIUMCONST    

        CLASS   COMRAM         
                temp                                 47       47        1         1
                cstackCOMRAM                          1        1       2C         1
                dataCOMRAM                           3D       3D        A         1
                bssCOMRAM                            2D       2D       10         1

        CLASS   ABS1           

        CLASS   BIGRAM         

        CLASS   RAM            

        CLASS   BANK0          
                dataBANK0                            60       60       78         1

        CLASS   BANK1          

        CLASS   BANK2          

        CLASS   BANK3          

        CLASS   BANK4          

        CLASS   BANK5          

        CLASS   SFR            

        CLASS   BIGSFR         

        CLASS   CONFIG         
                config                           300000   300000        E         4

        CLASS   IDLOC          
                idloc                            200000   200000        8         5

        CLASS   EEDATA         

        CLASS   FARRAM         

        CLASS   HEAP           

        CLASS   STACK          



SEGMENTS        Name                           Load    Length   Top    Selector   Space  Class

                reset_vec                      000000  000004  000004         0       0  CODE    
                cstackCOMRAM                   000001  000047  000048         1       1  COMRAM  
                intcode                        000008  000056  00005E         4       0  CODE    
                dataBANK0                      000060  000078  0000D8        60       1  BANK0   
                smallconst                     000600  0000FC  0006FC       300       0  SMALLCON
                text8                          0006FC  000A38  001134       37E       0  CODE    


UNUSED ADDRESS RANGES

        Name                Unused          Largest block    Delta
        BANK0            0000D8-0000FF               28
        BANK1            000100-0001FF              100
        BANK2            000200-0002FF              100
        BANK3            000300-0003FF              100
        BANK4            000400-0004FF              100
        BANK5            000500-0005FF              100
        BIGRAM           000048-00005F               18
                         0000D8-0005FF              528
        BIGSFR           000F38-000FFF               C8
        CODE             000004-000007                4
                         00005E-0005FF              5A2
                         001134-007FFF             6ECC
        COMRAM           000048-00005F               18
        CONST            000004-000007                4
                         00005E-0005FF              5A2
                         001134-007FFF             6ECC
        EEDATA           F00000-F000FF              100
        MEDIUMCONST      001134-007FFF             6ECC
        RAM              0000D8-0005FF              100
        SFR              000F38-000FFF               28
        SMALLCONST       001134-007FFF              100

                                  Symbol Table

LCD_Command@cmd                         cstackCOMRAM 000012
LCD_DrawBigDigit@digit                  cstackCOMRAM 000017
LCD_DrawBigDigit@xpos                   cstackCOMRAM 000013
LCD_DrawBigDigit@ypos                   cstackCOMRAM 000014
LCD_Init@cmd                            cstackCOMRAM 00002A
LCD_Init@display                        cstackCOMRAM 000013
LCD_Out@c                               cstackCOMRAM 00000A
LCD_SetFont@FONT                        cstackCOMRAM 000022
LCD_SetFont@buffer                      cstackCOMRAM 00001A
LCD_SetFont@char_data                   cstackCOMRAM 000023
LCD_SetFont@i                           cstackCOMRAM 000025
LCD_Write@data                          cstackCOMRAM 00000E
LCD_createChar@charmap                  cstackCOMRAM 000013
LCD_createChar@i                        cstackCOMRAM 000017
LCD_createChar@location                 cstackCOMRAM 000016
LCD_putc@c                              cstackCOMRAM 000011
LCD_puts@a                              cstackCOMRAM 000012
LCD_puts@i                              cstackCOMRAM 000016
_ANSELA                                 (abs)        000F38
_ANSELB                                 (abs)        000F39
_ANSELC                                 (abs)        000F3A
_INTCON2bits                            (abs)        000FF1
_INTCONbits                             (abs)        000FF2
_INTERRUPT_InterruptManagerHigh         intcode      000008
_LCD                                    dataCOMRAM   00003D
_LCDUpdate                              bssCOMRAM    00003B
_LCD_Command                            text10       001076
_LCD_DrawBigDigit                       text8        0006FC
_LCD_Init                               text7        0008DE
_LCD_Out                                text12       000C44
_LCD_SetFont                            text4        000D88
_LCD_Write                              text11       000EC6
_LCD_createChar                         text6        001030
_LCD_putc                               text9        0010B6
_LCD_puts                               text3        000F88
_LCDisplay                              bssCOMRAM    00002D
_MCU_Init                               text1        001112
_OSCCONbits                             (abs)        000FD3
_PORTA                                  (abs)        000F80
_PORTB                                  (abs)        000F81
_PORTC                                  (abs)        000F82
_RCONbits                               (abs)        000FD0
_RTCC_Count                             bssCOMRAM    000037
_RTCC_Init                              text2        0010F0
_T0CONbits                              (abs)        000FD5
_TMR0H                                  (abs)        000FD7
_TMR0L                                  (abs)        000FD6
_TRISA                                  (abs)        000F92
_TRISB                                  (abs)        000F93
_TRISC                                  (abs)        000F94
__HRAM                                  (abs)        000000
__Habs1                                 abs1         000000
__Hbank0                                bank0        000000
__Hbank1                                bank1        000000
__Hbank2                                bank2        000000
__Hbank3                                bank3        000000
__Hbank4                                bank4        000000
__Hbank5                                bank5        000000
__Hbigbss                               bigbss       000000
__Hbigdata                              bigdata      000000
__Hbigram                               bigram       000000
__Hbigsfr                               bigsfr       000000
__Hbss                                  bss          000000
__HbssCOMRAM                            bssCOMRAM    000000
__Hcinit                                cinit        000000
__Hclrtext                              clrtext      000000
__Hcomram                               comram       000000
__Hconfig                               config       30000E
__Hconst                                const        000000
__HcstackCOMRAM                         cstackCOMRAM 000000
__Hdata                                 data         000000
__HdataBANK0                            dataBANK0    000000
__HdataCOMRAM                           dataCOMRAM   000000
__Heeprom_data                          eeprom_data  000000
__Hfarbss                               farbss       000000
__Hfardata                              fardata      000000
__Hheap                                 heap         000000
__Hibigdata                             ibigdata     000000
__Hidata                                idata        000000
__HidataBANK0                           idataBANK0   000000
__HidataCOMRAM                          idataCOMRAM  000000
__Hidloc                                idloc        200008
__Hifardata                             ifardata     000000
__Hinit                                 init         00005E
__Hintcode                              intcode      00005A
__Hintcode_body                         intcode_body 000000
__Hintcodelo                            intcodelo    00005A
__Hintentry                             intentry     000000
__Hintret                               intret       000000
__Hintsave_regs                         intsave_regs 000000
__Hirdata                               irdata       000000
__Hmediumconst                          mediumconst  000000
__HnvFARRAM                             nvFARRAM     000000
__Hnvbit                                nvbit        000000
__Hnvrram                               nvrram       000000
__Hparam                                rparam       000000
__Hpowerup                              powerup      00005A
__Hram                                  ram          000000
__Hramtop                               ramtop       000600
__Hrbit                                 rbit         000000
__Hrbss                                 rbss         000000
__Hrdata                                rdata        000000
__Hreset_vec                            reset_vec    000004
__Hrparam                               rparam       000000
__Hsfr                                  sfr          000000
__Hsmallconst                           smallconst   0006FC
__Hspace_0                              (abs)        001134
__Hspace_1                              (abs)        0000D8
__Hspace_2                              (abs)        000000
__Hspace_4                              (abs)        60000E
__Hstack                                stack        000000
__Hstruct                               struct       000000
__Htemp                                 temp         000048
__Htext                                 text         000000
__Htext0                                text0        000000
__Htext1                                text1        000000
__Htext10                               text10       000000
__Htext11                               text11       000000
__Htext12                               text12       000000
__Htext2                                text2        000000
__Htext3                                text3        000000
__Htext4                                text4        000000
__Htext5                                text5        000000
__Htext6                                text6        000000
__Htext7                                text7        000000
__Htext8                                text8        000000
__Htext9                                text9        000000
__LRAM                                  (abs)        000001
__Labs1                                 abs1         000000
__Lbank0                                bank0        000000
__Lbank1                                bank1        000000
__Lbank2                                bank2        000000
__Lbank3                                bank3        000000
__Lbank4                                bank4        000000
__Lbank5                                bank5        000000
__Lbigbss                               bigbss       000000
__Lbigdata                              bigdata      000000
__Lbigram                               bigram       000000
__Lbigsfr                               bigsfr       000000
__Lbss                                  bss          000000
__LbssCOMRAM                            bssCOMRAM    000000
__Lcinit                                cinit        000000
__Lclrtext                              clrtext      000000
__Lcomram                               comram       000000
__Lconfig                               config       000000
__Lconst                                const        000000
__LcstackCOMRAM                         cstackCOMRAM 000000
__Ldata                                 data         000000
__LdataBANK0                            dataBANK0    000000
__LdataCOMRAM                           dataCOMRAM   000000
__Leeprom_data                          eeprom_data  000000
__Lfarbss                               farbss       000000
__Lfardata                              fardata      000000
__Lheap                                 heap         000000
__Libigdata                             ibigdata     000000
__Lidata                                idata        000000
__LidataBANK0                           idataBANK0   000000
__LidataCOMRAM                          idataCOMRAM  000000
__Lidloc                                idloc        000000
__Lifardata                             ifardata     000000
__Linit                                 init         00005A
__Lintcode                              intcode      000008
__Lintcode_body                         intcode_body 000000
__Lintcodelo                            intcodelo    00005A
__Lintentry                             intentry     000000
__Lintret                               intret       000000
__Lintsave_regs                         intsave_regs 000000
__Lirdata                               irdata       000000
__Lmediumconst                          mediumconst  000000
__LnvFARRAM                             nvFARRAM     000000
__Lnvbit                                nvbit        000000
__Lnvrram                               nvrram       000000
__Lparam                                rparam       000000
__Lpowerup                              powerup      00005A
__Lram                                  ram          000000
__Lramtop                               ramtop       000600
__Lrbit                                 rbit         000000
__Lrbss                                 rbss         000000
__Lrdata                                rdata        000000
__Lreset_vec                            reset_vec    000000
__Lrparam                               rparam       000000
__Lsfr                                  sfr          000000
__Lsmallconst                           smallconst   000600
__Lspace_0                              (abs)        000000
__Lspace_1                              (abs)        000000
__Lspace_2                              (abs)        000000
__Lspace_4                              (abs)        000000
__Lstack                                stack        000000
__Lstruct                               struct       000000
__Ltemp                                 temp         000047
__Ltext                                 text         000000
__Ltext0                                text0        000000
__Ltext1                                text1        000000
__Ltext10                               text10       000000
__Ltext11                               text11       000000
__Ltext12                               text12       000000
__Ltext2                                text2        000000
__Ltext3                                text3        000000
__Ltext4                                text4        000000
__Ltext5                                text5        000000
__Ltext6                                text6        000000
__Ltext7                                text7        000000
__Ltext8                                text8        000000
__Ltext9                                text9        000000
__S0                                    (abs)        001134
__S1                                    (abs)        0000D8
__S4                                    (abs)        000000
__S5                                    (abs)        000000
___heap_hi                              (abs)        000000
___heap_lo                              (abs)        000000
___inthi_sp                             stack        000000
___intlo_sp                             stack        000000
___param_bank                           (abs)        000000
___rparam_used                          (abs)        000001
___sp                                   stack        000000
__accesstop                             (abs)        000060
__activetblptr                          (abs)        000002
__end_of_INTERRUPT_InterruptManagerHigh intcode      00005A
__end_of_LCD_Command                    text10       0010B6
__end_of_LCD_DrawBigDigit               text8        0008DE
__end_of_LCD_Init                       text7        000AAC
__end_of_LCD_Out                        text12       000D88
__end_of_LCD_SetFont                    text4        000E4E
__end_of_LCD_Write                      text11       000F2E
__end_of_LCD_createChar                 text6        001076
__end_of_LCD_putc                       text9        0010F0
__end_of_LCD_puts                       text3        000FDE
__end_of_MCU_Init                       text1        00112A
__end_of_RTCC_Init                      text2        001112
__end_of__initialization                cinit        000F7A
__end_of_blocks_chars                   smallconst   000641
__end_of_main                           text0        000C44
__end_of_memcpy                         text5        001030
__end_of_square_four_chars              smallconst   000681
__end_of_tron_bold_chars                smallconst   0006C1
__initialization                        cinit        000F2E
__mediumconst                           mediumconst  000000
__pbssCOMRAM                            bssCOMRAM    00002D
__pcinit                                cinit        000F2E
__pcstackCOMRAM                         cstackCOMRAM 000001
__pdataBANK0                            dataBANK0    000060
__pdataCOMRAM                           dataCOMRAM   00003D
__pidataBANK0                           idataBANK0   000E4E
__pidataCOMRAM                          idataCOMRAM  00112A
__pintcode                              intcode      000008
__psmallconst                           smallconst   000600
__ptext0                                text0        000AAC
__ptext1                                text1        001112
__ptext10                               text10       001076
__ptext11                               text11       000EC6
__ptext12                               text12       000C44
__ptext2                                text2        0010F0
__ptext3                                text3        000F88
__ptext4                                text4        000D88
__ptext5                                text5        000FDE
__ptext6                                text6        001030
__ptext7                                text7        0008DE
__ptext8                                text8        0006FC
__ptext9                                text9        0010B6
__ramtop                                ramtop       000600
__smallconst                            smallconst   000600
_blocks_chars                           smallconst   000601
_blocks_digits                          dataBANK0    000060
_counter                                bssCOMRAM    00003C
_current_digits                         bssCOMRAM    000039
_main                                   text0        000AAC
_memcpy                                 text5        000FDE
_square_four_chars                      smallconst   000641
_square_four_digits                     dataBANK0    000088
_tron_bold_chars                        smallconst   000681
_tron_bold_digits                       dataBANK0    0000B0
btemp                                   temp         000047
end_of_initialization                   cinit        000F7A
int$flags                               temp         000047
intlevel0                               text         000000
intlevel1                               text         000000
intlevel2                               text         000000
intlevel3                               text         000000
isa$std                                 (abs)        000001
isa$xinst                               (abs)        000000
memcpy@d                                cstackCOMRAM 000007
memcpy@d1                               cstackCOMRAM 000001
memcpy@n                                cstackCOMRAM 000005
memcpy@s                                cstackCOMRAM 000009
memcpy@s1                               cstackCOMRAM 000003
memcpy@tmp                              cstackCOMRAM 00000B
stackhi                                 (abs)        000000
stacklo                                 (abs)        000000
start                                   init         00005A
start_initialization                    cinit        000F2E
ttemp5                                  temp         000048
ttemp6                                  temp         00004B
ttemp7                                  temp         00004F
wtemp8                                  temp         000048


MODULE INFORMATION

Module		Function		Class		Link	Load	Size
LCD_BIGDigits.c
		_LCD_DrawBigDigit		CODE           	06FC	0000	482
		_LCD_SetFont   		CODE           	0D88	0000	198

LCD_BIGDigits.c estimated size: 680

LiquidCrystalDisplay.c
		_LCD_Init      		CODE           	08DE	0000	462
		_LCD_Out       		CODE           	0C44	0000	324
		_LCD_Command   		CODE           	1076	0000	64
		_LCD_createChar		CODE           	1030	0000	70
		_LCD_putc      		CODE           	10B6	0000	58
		_LCD_puts      		CODE           	0F88	0000	86
		_LCD_Write     		CODE           	0EC6	0000	104

LiquidCrystalDisplay.c estimated size: 1168

shared
		_tron_bold_chars		SMALLCONST     	0681	0000	64
		_blocks_chars  		SMALLCONST     	0601	0000	64
		_square_four_chars		SMALLCONST     	0641	0000	64
		__initialization		CODE           	0F2E	0000	76

shared estimated size: 268

C:\Program Files\Microchip\xc8\v2.36\pic\sources\c99\common\memcpy.c
		_memcpy        		CODE           	0FDE	0000	82

C:\Program Files\Microchip\xc8\v2.36\pic\sources\c99\common\memcpy.c estimated size: 82

main.c
		_main          		CODE           	0AAC	0000	408
		_RTCC_Init     		CODE           	10F0	0000	34
		_MCU_Init      		CODE           	1112	0000	24
		_INTERRUPT_InterruptManagerHigh		CODE           	0008	0000	82

main.c estimated size: 548

